---
source: crates/rome_formatter/tests/prettier_tests.rs
assertion_line: 57
expression: function-declaration-in-while.js

---
# Input
```js
while (false) function foo(){}

```

# Output
```js
while (false) function foo(){}

```


