---
source: crates/rome_js_formatter/tests/prettier_tests.rs
assertion_line: 57
expression: before-comma.js

---
# Input
```js
const foo = {
  a: 'a' /* comment for this line */,

  /* Section B */
  b: 'b',
};

```

# Output
```js
const foo = {
  a: "a", /* comment for this line */

  /* Section B */
  b: "b",
};

```


