---
source: crates/rome_js_formatter/tests/prettier_tests.rs
---

# Input

```js
a = b || /** Comment */
c;

a = b /** Comment */ ||
c;

a = b || /** TODO this is a very very very very long comment that makes it go > 80 columns */
c;

a = b /** TODO this is a very very very very long comment that makes it go > 80 columns */ ||
c;

a = b || /** TODO this is a very very very very long comment that makes it go > 80 columns */ c;

a = b && /** Comment */
c;

a = b /** Comment */ &&
c;

a = b && /** TODO this is a very very very very long comment that makes it go > 80 columns */
c;

a = b /** TODO this is a very very very very long comment that makes it go > 80 columns */ &&
c;

a = b && /** TODO this is a very very very very long comment that makes it go > 80 columns */ c;

a = b + /** Comment */
c;

a = b /** Comment */ +
c;

a = b + /** TODO this is a very very very very long comment that makes it go > 80 columns */
c;

a = b /** TODO this is a very very very very long comment that makes it go > 80 columns */ +
c;

a = b + /** TODO this is a very very very very long comment that makes it go > 80 columns */ c;```


# Prettier differences

```diff
--- Prettier
+++ Rome
@@ -1,9 +1,9 @@
-a = b /** Comment */ || c;
+a = b || /** Comment */ c;
 
 a = b /** Comment */ || c;
 
 a =
-  b /** TODO this is a very very very very long comment that makes it go > 80 columns */ ||
+  b || /** TODO this is a very very very very long comment that makes it go > 80 columns */
   c;
 
 a =
@@ -11,15 +11,15 @@
   c;
 
 a =
-  b ||
-  /** TODO this is a very very very very long comment that makes it go > 80 columns */ c;
+  b || /** TODO this is a very very very very long comment that makes it go > 80 columns */
+  c;
 
-a = b /** Comment */ && c;
+a = b && /** Comment */ c;
 
 a = b /** Comment */ && c;
 
 a =
-  b /** TODO this is a very very very very long comment that makes it go > 80 columns */ &&
+  b && /** TODO this is a very very very very long comment that makes it go > 80 columns */
   c;
 
 a =
@@ -27,15 +27,15 @@
   c;
 
 a =
-  b &&
-  /** TODO this is a very very very very long comment that makes it go > 80 columns */ c;
+  b && /** TODO this is a very very very very long comment that makes it go > 80 columns */
+  c;
 
-a = b /** Comment */ + c;
+a = b + /** Comment */ c;
 
 a = b /** Comment */ + c;
 
 a =
-  b /** TODO this is a very very very very long comment that makes it go > 80 columns */ +
+  b + /** TODO this is a very very very very long comment that makes it go > 80 columns */
   c;
 
 a =
@@ -43,5 +43,5 @@
   c;
 
 a =
-  b +
-  /** TODO this is a very very very very long comment that makes it go > 80 columns */ c;
+  b + /** TODO this is a very very very very long comment that makes it go > 80 columns */
+  c;
```

# Output

```js
a = b || /** Comment */ c;

a = b /** Comment */ || c;

a =
  b || /** TODO this is a very very very very long comment that makes it go > 80 columns */
  c;

a =
  b /** TODO this is a very very very very long comment that makes it go > 80 columns */ ||
  c;

a =
  b || /** TODO this is a very very very very long comment that makes it go > 80 columns */
  c;

a = b && /** Comment */ c;

a = b /** Comment */ && c;

a =
  b && /** TODO this is a very very very very long comment that makes it go > 80 columns */
  c;

a =
  b /** TODO this is a very very very very long comment that makes it go > 80 columns */ &&
  c;

a =
  b && /** TODO this is a very very very very long comment that makes it go > 80 columns */
  c;

a = b + /** Comment */ c;

a = b /** Comment */ + c;

a =
  b + /** TODO this is a very very very very long comment that makes it go > 80 columns */
  c;

a =
  b /** TODO this is a very very very very long comment that makes it go > 80 columns */ +
  c;

a =
  b + /** TODO this is a very very very very long comment that makes it go > 80 columns */
  c;
```


# Lines exceeding max width of 80 characters
```
    6:   b || /** TODO this is a very very very very long comment that makes it go > 80 columns */
   10:   b /** TODO this is a very very very very long comment that makes it go > 80 columns */ ||
   14:   b || /** TODO this is a very very very very long comment that makes it go > 80 columns */
   22:   b && /** TODO this is a very very very very long comment that makes it go > 80 columns */
   26:   b /** TODO this is a very very very very long comment that makes it go > 80 columns */ &&
   30:   b && /** TODO this is a very very very very long comment that makes it go > 80 columns */
   38:   b + /** TODO this is a very very very very long comment that makes it go > 80 columns */
   42:   b /** TODO this is a very very very very long comment that makes it go > 80 columns */ +
   46:   b + /** TODO this is a very very very very long comment that makes it go > 80 columns */
```

