---
source: crates/rome_formatter/tests/prettier_tests.rs
assertion_line: 123
expression: functionOverloadsOnGenericArity1.ts

---
# Input
```js
// overloading on arity not allowed
interface C {
   f<T>(): string;
   f<T, U>(): string; 
 
   <T>(): string;
   <T, U>(): string; 
 
  new <T>(): string;
  new <T, U>(): string; 
}

```

# Output
```js
// overloading on arity not allowed
interface C {
  f<T>(): string,
  f<T, U>(): string,
  <T>(): string,
  <T, U>(): string,
  new<T>(): string,
  new<T, U>(): string,
}

```


