---
source: crates/rome_cli/tests/snap_test.rs
expression: content
---
# Termination Message

```block
migrate ━━━━━━━━━━━━━━━━━━━━━━━━━━━━━━━━━━━━━━━━━━━━━━━━━━━━━━━━━━━━━━━━━━━━━━━━━━━━━━━━━━━━━━━━━━━━

  × Migration has encountered an error: Rome couldn't find the configuration file
  


```


