---
source: crates/rome_js_formatter/tests/prettier_tests.rs
assertion_line: 57
expression: import_meta.js

---
# Input
```js
const x = import.meta;
const url = import.meta.url;
import.meta;
import.meta.url;
import.meta.couldBeMutable = true;

```

# Output
```js
const x = import.meta;
const url = import.meta.url;
import.meta;
import.meta.url;
import.meta.couldBeMutable = true;

```


