---
source: crates/rome_js_formatter/tests/spec_test.rs
expression: with.js
---
# Input
with (   b)

{
	5
}

=============================
# Outputs
## Output 1
-----
Indent style: Tab
Line width: 80
Quote style: Double Quotes
Preserve quotes: false
-----
with (   b)

{
	5
}

