---
source: crates/rome_formatter/src/diagnostics.rs
expression: content
---
example.js format ━━━━━━━━━━━━━━━━━━━━━━━━━━━━━━━━━━━━━━━━━━━━━━━━━━━━━━━━━━━━━━━━━━━━━━━━━━━━━━━━━━

  × Syntax error.
  


