---
source: crates/rome_cli/tests/snap_test.rs
expression: content
---
## `check.js`

```js
for(;true;);

```

# Termination Message

```block
internalError/io ━━━━━━━━━━━━━━━━━━━━━━━━━━━━━━━━━━━━━━━━━━━━━━━━━━━━━━━━━━━━━━━━━━━━━━━━━━━━━━━━━━━

  × Some errors were emitted while running checks
  


```

# Emitted Messages

```block
check.js:1:1 lint/style/useWhile  FIXABLE  ━━━━━━━━━━━━━━━━━━━━━━━━━━━━━━━━━━━━━━━━━━━━━━━━━━━━━━━━━

  × Use while loops instead of for loops.
  
  > 1 │ for(;true;);
      │ ^^^^^^^^^^^
    2 │ 
  
  i Suggested fix: Use a while loop
  
    1   │ - for(;true;);
      1 │ + while·(true);
    2 2 │   
  

```

```block
Checked 1 file(s) in <TIME>
```


