---
source: crates/rome_formatter_test/src/snapshot_builder.rs
info: typescript/decorators-ts/typeorm.ts
---

# Input

```ts
@Entity()
export class Board {

    @PrimaryGeneratedColumn()
    id: number;

    @Column()
    slug: string;

    @Column()
    name: string;

    @Column()
    theme: string;

    @Column()
    description: string;

    @OneToMany(type => Topic, topic => topic.board)
    topics: Topic[]

}

```


# Prettier differences

```diff
--- Prettier
+++ Rome
@@ -15,6 +15,9 @@
   @Column()
   description: string;
 
-  @OneToMany((type) => Topic, (topic) => topic.board)
+  @OneToMany(
+    (type) => Topic,
+    (topic) => topic.board,
+  )
   topics: Topic[];
 }
```

# Output

```ts
@Entity()
export class Board {
  @PrimaryGeneratedColumn()
  id: number;

  @Column()
  slug: string;

  @Column()
  name: string;

  @Column()
  theme: string;

  @Column()
  description: string;

  @OneToMany(
    (type) => Topic,
    (topic) => topic.board,
  )
  topics: Topic[];
}
```


