---
source: crates/rome_js_formatter/tests/prettier_tests.rs
expression: export_default_class_expression.js
---
# Input
```js
export default (class foobar {})

```

# Output
```js
export default (class foobar {});

```


