---
source: crates/rome_js_analyze/tests/spec_tests.rs
assertion_line: 96
expression: invalid.jsx
---
# Input
```js
var a = <h1 role="checkbox"></h1>;
var a = <h1 role="radio"></h1>;
var a = <h1 role="button"></h1>;
var a = <h1 role="combobox"></h1>;
var a = <h1 role="scrollbar"></h1>;
var a = <h1 role={"scrollbar"}></h1>;
var a = <h1 role={`scrollbar`}></h1>;
	var a = <ol role="menuitem" />;

```

# Diagnostics
```
invalid.jsx:1:13 lint/a11y/noNoninteractiveElementToInteractiveRole ━━━━━━━━━━━━━━━━━━━━━━━━━━━━━━━━

  ! The HTML element h1 is non-interactive and should not have an interactive role.
  
  > 1 │ var a = <h1 role="checkbox"></h1>;
      │             ^^^^^^^^^^^^^^^
    2 │ var a = <h1 role="radio"></h1>;
    3 │ var a = <h1 role="button"></h1>;
  
  i Replace h1 with a div or a span.
  

```

```
invalid.jsx:2:13 lint/a11y/noNoninteractiveElementToInteractiveRole ━━━━━━━━━━━━━━━━━━━━━━━━━━━━━━━━

  ! The HTML element h1 is non-interactive and should not have an interactive role.
  
    1 │ var a = <h1 role="checkbox"></h1>;
  > 2 │ var a = <h1 role="radio"></h1>;
      │             ^^^^^^^^^^^^
    3 │ var a = <h1 role="button"></h1>;
    4 │ var a = <h1 role="combobox"></h1>;
  
  i Replace h1 with a div or a span.
  

```

```
invalid.jsx:3:13 lint/a11y/noNoninteractiveElementToInteractiveRole ━━━━━━━━━━━━━━━━━━━━━━━━━━━━━━━━

  ! The HTML element h1 is non-interactive and should not have an interactive role.
  
    1 │ var a = <h1 role="checkbox"></h1>;
    2 │ var a = <h1 role="radio"></h1>;
  > 3 │ var a = <h1 role="button"></h1>;
      │             ^^^^^^^^^^^^^
    4 │ var a = <h1 role="combobox"></h1>;
    5 │ var a = <h1 role="scrollbar"></h1>;
  
  i Replace h1 with a div or a span.
  

```

```
invalid.jsx:4:13 lint/a11y/noNoninteractiveElementToInteractiveRole ━━━━━━━━━━━━━━━━━━━━━━━━━━━━━━━━

  ! The HTML element h1 is non-interactive and should not have an interactive role.
  
    2 │ var a = <h1 role="radio"></h1>;
    3 │ var a = <h1 role="button"></h1>;
  > 4 │ var a = <h1 role="combobox"></h1>;
      │             ^^^^^^^^^^^^^^^
    5 │ var a = <h1 role="scrollbar"></h1>;
    6 │ var a = <h1 role={"scrollbar"}></h1>;
  
  i Replace h1 with a div or a span.
  

```

```
invalid.jsx:5:13 lint/a11y/noNoninteractiveElementToInteractiveRole ━━━━━━━━━━━━━━━━━━━━━━━━━━━━━━━━

  ! The HTML element h1 is non-interactive and should not have an interactive role.
  
    3 │ var a = <h1 role="button"></h1>;
    4 │ var a = <h1 role="combobox"></h1>;
  > 5 │ var a = <h1 role="scrollbar"></h1>;
      │             ^^^^^^^^^^^^^^^^
    6 │ var a = <h1 role={"scrollbar"}></h1>;
    7 │ var a = <h1 role={`scrollbar`}></h1>;
  
  i Replace h1 with a div or a span.
  

```

```
invalid.jsx:6:13 lint/a11y/noNoninteractiveElementToInteractiveRole ━━━━━━━━━━━━━━━━━━━━━━━━━━━━━━━━

  ! The HTML element h1 is non-interactive and should not have an interactive role.
  
    4 │ var a = <h1 role="combobox"></h1>;
    5 │ var a = <h1 role="scrollbar"></h1>;
  > 6 │ var a = <h1 role={"scrollbar"}></h1>;
      │             ^^^^^^^^^^^^^^^^^^
    7 │ var a = <h1 role={`scrollbar`}></h1>;
    8 │ 	var a = <ol role="menuitem" />;
  
  i Replace h1 with a div or a span.
  

```

```
invalid.jsx:7:13 lint/a11y/noNoninteractiveElementToInteractiveRole ━━━━━━━━━━━━━━━━━━━━━━━━━━━━━━━━

  ! The HTML element h1 is non-interactive and should not have an interactive role.
  
    5 │ var a = <h1 role="scrollbar"></h1>;
    6 │ var a = <h1 role={"scrollbar"}></h1>;
  > 7 │ var a = <h1 role={`scrollbar`}></h1>;
      │             ^^^^^^^^^^^^^^^^^^
    8 │ 	var a = <ol role="menuitem" />;
    9 │ 
  
  i Replace h1 with a div or a span.
  

```


