---
source: crates/rome_formatter_test/src/snapshot_builder.rs
info:
  test_file: ts/type/conditional.ts
---

# Input

```ts
type test = string;

type T1 = test extends string ? test extends number ? unknown : unknown : undefined;

type T2 = test extends string ?  unknown : test extends number ? undefined : undefined;

type T3 = test extends string ?
// something
    unknown : test extends number ? undefined :
    // else
        undefined;

type T4 = test extends string
    // something
    ? unknown : test extends number ? undefined :
        // else
        undefined;
```


=============================

# Outputs

## Output 1

-----
Indent style: Tab
Line width: 80
Quote style: Double Quotes
Quote properties: As needed
Trailing comma: All
Semicolons: Always
-----

```ts
type test = string;

type T1 = test extends string
	? test extends number
		? unknown
		: unknown
	: undefined;

type T2 = test extends string
	? unknown
	: test extends number
	? undefined
	: undefined;

type T3 = test extends string
	? // something
	  unknown
	: test extends number
	? undefined
	: // else
	  undefined;

type T4 = test extends string
	? // something
	  unknown
	: test extends number
	? undefined
	: // else
	  undefined;
```


