---
source: crates/rome_js_formatter/tests/prettier_tests.rs
expression: function-name-starts-with-get.js
---
# Input
```js
// https://github.com/meriyah/meriyah/issues/164

function get() {}

function* getData() {
    return yield get();
}

```

# Output
```js
// https://github.com/meriyah/meriyah/issues/164

function get() {}

function* getData() {
  return yield get();
}

```


