---
source: crates/rome_json_parser/tests/spec_test.rs
expression: snapshot
---

## Input

```json
[+Inf]
```


## AST

```
JsonRoot {
    value: JsonArray {
        l_brack_token: L_BRACK@0..1 "[" [] [],
        elements: JsonArrayElementList [
            JsonUnknown {
                items: [
                    ERROR_TOKEN@1..2 "+" [] [],
                    IDENT@2..5 "Inf" [] [],
                ],
            },
        ],
        r_brack_token: R_BRACK@5..6 "]" [] [],
    },
    eof_token: EOF@6..6 "" [] [],
}
```

## CST 

```
0: JSON_ROOT@0..6
  0: JSON_ARRAY@0..6
    0: L_BRACK@0..1 "[" [] []
    1: JSON_ARRAY_ELEMENT_LIST@1..5
      0: JSON_UNKNOWN@1..5
        0: ERROR_TOKEN@1..2 "+" [] []
        1: IDENT@2..5 "Inf" [] []
    2: R_BRACK@5..6 "]" [] []
  1: EOF@6..6 "" [] []

```

## Diagnostics

```
number_+Inf.json:1:2 parse ━━━━━━━━━━━━━━━━━━━━━━━━━━━━━━━━━━━━━━━━━━━━━━━━━━━━━━━━━━━━━━━━━━━━━━━━━

  × unexpected character `+`
  
  > 1 │ [+Inf]
      │  ^
  
number_+Inf.json:1:2 parse ━━━━━━━━━━━━━━━━━━━━━━━━━━━━━━━━━━━━━━━━━━━━━━━━━━━━━━━━━━━━━━━━━━━━━━━━━

  × expected an array, an object, or a literal but instead found '+Inf'
  
  > 1 │ [+Inf]
      │  ^^^^
  
  i Expected an array, an object, or a literal here
  
  > 1 │ [+Inf]
      │  ^^^^
  
```


