---
source: crates/rome_formatter/tests/prettier_tests.rs
assertion_line: 123
expression: pattern-parameters.ts

---
# Input
```js
interface B {
  foo([]?): void;
  bar({}, []?): any;
  baz(a: string, b: number, []?): void;
}

```

# Output
```js
interface B {
  foo([]?): void,
  bar({}, []?): any,
  baz(a: string, b: number, []?): void,
}

```


