---
source: crates/rome_formatter/tests/prettier_tests.rs
assertion_line: 119
expression: intrinsic_call.js

---
# Input
```js
function doSmth()     {
            %DebugPrint
        (
                foo )
  }

    function printFunc  (
        f
) {
    if(%
    IsAsmWasmCode(f))              console.log("asm.js");
        if(

        % IsWasmCode(
        f))
            console.log (
                "wasm"
            );

    console.log
    (%
        GetFunctioName(f)
        );
}

```

# Output
```js
function doSmth() {
  %DebugPrint
        (
                foo )
}

function printFunc(f) {
  if(%
    IsAsmWasmCode(f))              console.log("asm.js");
  if(

        % IsWasmCode(
        f))
            console.log (
                "wasm"
            );

  console.log
    (%
        GetFunctioName(f)
        );
}

```

# Errors
```
error[SyntaxError]: expected a statement but instead found '%DebugPrint
        (
                foo )'
  ┌─ intrinsic_call.js:2:13
  │  
2 │ ┌             %DebugPrint
3 │ │         (
4 │ │                 foo )
  │ └─────────────────────^ Expected a statement here


```


