---
source: crates/rome_js_formatter/tests/prettier_tests.rs
expression: wideningTuples7.ts
---
# Input
```js
//@noImplicitAny: true
var foo = function bar() {
    let intermediate: [string];
    return intermediate = [undefined];
};

```

# Output
```js
//@noImplicitAny: true
var foo = function bar() {
  let intermediate: [string];
  return intermediate = [undefined];
};

```


