---
source: crates/rome_formatter/tests/prettier_tests.rs
assertion_line: 123
expression: types.ts

---
# Input
```js
(() => {
  // swallow error and fallback to using directory as path
}) as string[];

```

# Output
```js
(() => {
  // swallow error and fallback to using directory as path
}) as [string];

```


