---
source: crates/rome_js_formatter/tests/prettier_tests.rs
expression: member.js
---
# Input
```js
foo = (/** @type {!Baz} */ (baz).bar);

```

# Output
```js
foo = (/** @type {!Baz} */ (baz).bar);

```


