---
source: crates/rome_js_formatter/tests/prettier_tests.rs
expression: comments-1.js
---
# Input
```js
// hi lol
function ehllooo () {
  const hi = "hi"
}

```

# Output
```js
// hi lol
function ehllooo() {
  const hi = "hi";
}

```


