---
source: crates/rome_js_analyze/tests/spec_tests.rs
expression: noImplicitBoolean.jsx
---
# Input
```js
//valid
<input disabled={false} />;
<input disabled={""} />;
<input disabled={0} />;
<input disabled={undefined} />;
<input disabled="false" />;
// https://github.com/rome/tools/issues/2944
// <div className={asdf asdf} />;

//invalid
<input disabled />;
<input accept/** some comment */ />;
<input /** some comment */ accept />;

```

# Diagnostics
```
noImplicitBoolean.jsx:11:8 lint/correctness/noImplicitBoolean  FIXABLE  ━━━━━━━━━━━━━━━━━━━━━━━━━━━━

  ! Use explicit boolean values for boolean JSX props.
  
    10 │ //invalid
  > 11 │ <input disabled />;
       │        ^^^^^^^^
    12 │ <input accept/** some comment */ />;
    13 │ <input /** some comment */ accept />;
  
  i Safe fix: Add explicit `true` literal for this attribute
  
        | @@ -8,6 +8,6 @@
   7  7 |   // <div className={asdf asdf} />;
   8  8 |   
   9  9 |   //invalid
  10    | - <input disabled />;
     10 | + <input disabled={true} />;
  11 11 |   <input accept/** some comment */ />;
  12 12 |   <input /** some comment */ accept />;
  

```

```
noImplicitBoolean.jsx:12:8 lint/correctness/noImplicitBoolean  FIXABLE  ━━━━━━━━━━━━━━━━━━━━━━━━━━━━

  ! Use explicit boolean values for boolean JSX props.
  
    10 │ //invalid
    11 │ <input disabled />;
  > 12 │ <input accept/** some comment */ />;
       │        ^^^^^^
    13 │ <input /** some comment */ accept />;
    14 │ 
  
  i Safe fix: Add explicit `true` literal for this attribute
  
        | @@ -9,5 +9,5 @@
   8  8 |   
   9  9 |   //invalid
  10 10 |   <input disabled />;
  11    | - <input accept/** some comment */ />;
     11 | + <input accept={true}/** some comment */ />;
  12 12 |   <input /** some comment */ accept />;
  

```

```
noImplicitBoolean.jsx:13:28 lint/correctness/noImplicitBoolean  FIXABLE  ━━━━━━━━━━━━━━━━━━━━━━━━━━━

  ! Use explicit boolean values for boolean JSX props.
  
    11 │ <input disabled />;
    12 │ <input accept/** some comment */ />;
  > 13 │ <input /** some comment */ accept />;
       │                            ^^^^^^
    14 │ 
  
  i Safe fix: Add explicit `true` literal for this attribute
  
        | @@ -10,4 +10,4 @@
   9  9 |   //invalid
  10 10 |   <input disabled />;
  11 11 |   <input accept/** some comment */ />;
  12    | - <input /** some comment */ accept />;
     12 | + <input /** some comment */ accept={true} />;
  

```


