---
source: crates/rome_cli/tests/snap_test.rs
expression: content
---
## `file.js`

```js
const a = [
	longlonglonglongItem1longlonglonglongItem1,
	longlonglonglongItem1longlonglonglongItem2,
	longlonglonglongItem1longlonglonglongItem3
];

```

# Emitted Messages


