---
source: crates/rome_formatter/tests/prettier_tests.rs
assertion_line: 119
expression: func-call.js

---
# Input
```js
fn(
  bifornCringerMoshedPerplexSawder,
  askTrovenaBeenaDependsRowans,
  glimseGlyphsHazardNoopsTieTie === averredBathersBoxroomBuggyNurl &&
    anodyneCondosMalateOverateRetinol 
      ? annularCooeedSplicesWalksWayWay 
      : kochabCooieGameOnOboleUnweave 
);

```

# Output
```js
fn(
  bifornCringerMoshedPerplexSawder,
  askTrovenaBeenaDependsRowans,
    glimseGlyphsHazardNoopsTieTie === averredBathersBoxroomBuggyNurl &&
    anodyneCondosMalateOverateRetinol
  ? annularCooeedSplicesWalksWayWay : kochabCooieGameOnOboleUnweave,
);

```


