---
source: crates/rome_json_parser/tests/spec_test.rs
expression: snapshot
---

## Input

```json
["\u0012"]
```


## Tokens

```
L_BRACK: `[` (0..1)
JSON_STRING_LITERAL: `"\u0012"` (1..9)
R_BRACK: `]` (9..10)
EOF: `` (10..10)
```

