---
source: crates/rome_js_formatter/tests/prettier_tests.rs
expression: function-declaration.js
---
# Input
```js
function ugly ( {a=1,     b     =   2     }      ) {}

```

# Output
```js
function ugly({ a = 1, b = 2 }) {}

```


