---
source: crates/rome_js_formatter/tests/prettier_tests.rs
expression: issue-4206-2.js
---
# Input
```js
export default function Foo(){
/**/
}

```

# Output
```js
export default function Foo() {
  /**/
}

```


