---
source: crates/rome_json_parser/tests/spec_test.rs
expression: snapshot
---

## Input

```json
{"\uDFAA":0}
```


## AST

```
JsonRoot {
    value: JsonObjectValue {
        l_curly_token: L_CURLY@0..1 "{" [] [],
        json_member_list: JsonMemberList [
            JsonMember {
                name: JsonMemberName {
                    value_token: JSON_STRING_LITERAL@1..9 "\"\\uDFAA\"" [] [],
                },
                colon_token: COLON@9..10 ":" [] [],
                value: JsonNumberValue {
                    value_token: JSON_NUMBER_LITERAL@10..11 "0" [] [],
                },
            },
        ],
        r_curly_token: R_CURLY@11..12 "}" [] [],
    },
    eof_token: EOF@12..12 "" [] [],
}
```

## CST

```
0: JSON_ROOT@0..12
  0: JSON_OBJECT_VALUE@0..12
    0: L_CURLY@0..1 "{" [] []
    1: JSON_MEMBER_LIST@1..11
      0: JSON_MEMBER@1..11
        0: JSON_MEMBER_NAME@1..9
          0: JSON_STRING_LITERAL@1..9 "\"\\uDFAA\"" [] []
        1: COLON@9..10 ":" [] []
        2: JSON_NUMBER_VALUE@10..11
          0: JSON_NUMBER_LITERAL@10..11 "0" [] []
    2: R_CURLY@11..12 "}" [] []
  1: EOF@12..12 "" [] []

```


