---
source: crates/rome_js_formatter/tests/prettier_tests.rs
assertion_line: 57
expression: issue-5988.js

---
# Input
```js
const { foo, bar: bazAndSomething, quxIsLong } = someBigFunctionName("foo")("bar");

```

# Output
```js
const { foo, bar: bazAndSomething, quxIsLong } = someBigFunctionName("foo")(
  "bar",
);

```


