---
source: crates/rome_js_analyze/tests/spec_tests.rs
expression: noUndeclaredVariables.ts
---
# Input
```js
export type Invalid<S extends number> = `Hello ${T}`

export type Invalid<S extends number> = `
    Hello
    ${T}
`
```

# Diagnostics
```
noUndeclaredVariables.ts:5:7 lint/correctness/noUndeclaredVariables  FIXABLE  ━━━━━━━━━━━━━━━━━━━━━━

  ! The T variable is undeclared
  
    3 │ export type Invalid<S extends number> = `
    4 │     Hello
  > 5 │     ${T}
      │       ^
    6 │ `
  
  i Safe fix: Suppress rule lint/correctness/noUndeclaredVariables
  
    3 3 │   export type Invalid<S extends number> = `
    4 4 │       Hello
    5   │ - ····${T}
      5 │ + ····${//·rome-ignore·lint/correctness/noUndeclaredVariables:·suppressed·
      6 │ + T}
    6 7 │   `
  

```


